******************** Initializing ********************
******************** Preparing inputs ********************
Setting up science...

 J124942.30+344928.9
g 2.12e-06
r 2.12e-06

 J183412.42+365655.3
g 2.12e-06
r 2.12e-06

 J181719.94+541910.0
g 2.12e-06
r 2.12e-06

 J224333.95+760619.2
g 2.12e-06
r 2.12e-06

 J120437.98+500024.0
g 2.12e-06
r 2.12e-06

 J154342.46+461233.4
g 2.12e-06
r 2.12e-06
Using 31/83 GWs with 0.0 <= final_mass_source < 40.0...
******************************
Index 32
GW190828_065509
0/6 coincident flares:
******************************

******************************
Index 81
GW200316_215756
0/6 coincident flares:
******************************

******************************
Index 45
GW190925_232845
0/6 coincident flares:
******************************

******************************
Index 9
GW190512_180714
0/6 coincident flares:
******************************

******************************
Index 33
GW190909_114149
1/6 coincident flares:
	J120437.98+500024.0
******************************

******************************
Index 41
GW190725_174728
0/6 coincident flares:
******************************

******************************
Index 36
GW190924_021846
0/6 coincident flares:
******************************

******************************
Index 47
GW191103_012549
0/6 coincident flares:
******************************

******************************
Index 7
GW190426_152155
0/6 coincident flares:
******************************

******************************
Index 50
GW191113_071753
0/6 coincident flares:
******************************

******************************
Index 51
GW191126_115259
0/6 coincident flares:
******************************

******************************
Index 38
GW190930_133541
0/6 coincident flares:
******************************

******************************
Index 48
GW191105_143521
0/6 coincident flares:
******************************

******************************
Index 5
GW190424_180648
2/6 coincident flares:
	J181719.94+541910.0
	J224333.95+760619.2
******************************

******************************
Index 53
GW191129_134029
0/6 coincident flares:
******************************

******************************
Index 30
GW190814
0/6 coincident flares:
******************************

******************************
Index 22
GW190707_093326
0/6 coincident flares:
******************************

******************************
Index 44
GW190917_114630
0/6 coincident flares:
******************************

******************************
Index 70
GW200210_092254
0/6 coincident flares:
******************************

******************************
Index 58
GW191219_163120
0/6 coincident flares:
******************************

******************************
Index 27
GW190728_064510
0/6 coincident flares:
******************************

******************************
Index 55
GW191204_171526
0/6 coincident flares:
******************************

******************************
Index 23
GW190708_232457
0/6 coincident flares:
******************************

******************************
Index 25
GW190720_000836
0/6 coincident flares:
******************************

******************************
Index 6
GW190425
0/6 coincident flares:
******************************

******************************
Index 76
GW200225_060421
0/6 coincident flares:
******************************

******************************
Index 57
GW191216_213338
0/6 coincident flares:
******************************

******************************
Index 66
GW200202_154313
0/6 coincident flares:
******************************

******************************
Index 1
GW190412
0/6 coincident flares:
******************************

******************************
Index 61
GW200105_162426
0/6 coincident flares:
******************************

******************************
Index 63
GW200115_042309
0/6 coincident flares:
******************************

Traceback (most recent call last):
  File "/hildafs/projects/phy220048p/tcabrera/bbhagn/bbhagn/Posterior_inference_lambda_O3/Posterior_inference_lambda_O3.py", line 164, in <module>
    lnprob_args = inference.setup(config, nproc=config["nproc"])
                  ^^^^^^^^^^^^^^^^^^^^^^^^^^^^^^^^^^^^^^^^^^^^^^
  File "/hildafs/projects/phy220048p/tcabrera/bbhagn/bbhagn/utils/inference.py", line 592, in setup
    df_assoc = pd.DataFrame(
               ^^^^^^^^^^^^^
  File "/hildafs/projects/phy200025p/tcabrera/.conda/envs/bbhagn/lib/python3.11/site-packages/pandas/core/frame.py", line 859, in __init__
    mgr = arrays_to_mgr(
          ^^^^^^^^^^^^^^
  File "/hildafs/projects/phy200025p/tcabrera/.conda/envs/bbhagn/lib/python3.11/site-packages/pandas/core/internals/construction.py", line 119, in arrays_to_mgr
    arrays, refs = _homogenize(arrays, index, dtype)
                   ^^^^^^^^^^^^^^^^^^^^^^^^^^^^^^^^^
  File "/hildafs/projects/phy200025p/tcabrera/.conda/envs/bbhagn/lib/python3.11/site-packages/pandas/core/internals/construction.py", line 630, in _homogenize
    com.require_length_match(val, index)
  File "/hildafs/projects/phy200025p/tcabrera/.conda/envs/bbhagn/lib/python3.11/site-packages/pandas/core/common.py", line 573, in require_length_match
    raise ValueError(
ValueError: Length of values (31) does not match length of index (83)
