******************** Initializing ********************
******************** Preparing inputs ********************
Setting up science...

 J124942.30+344928.9
g 2.12e-06
r 2.12e-06

 J183412.42+365655.3
g 2.12e-06
r 2.12e-06

 J181719.94+541910.0
g 2.12e-06
r 2.12e-06

 J224333.95+760619.2
g 2.12e-06
r 2.12e-06

 J120437.98+500024.0
g 2.12e-06
r 2.12e-06

 J154342.46+461233.4
g 2.12e-06
r 2.12e-06
Using 32/83 GWs with 40.0 <= mass_1_source < 200.0...
******************************
Index 79
GW200308_173609
0/6 coincident flares:
******************************

******************************
Index 21
GW190706_222641
0/6 coincident flares:
******************************

******************************
Index 33
GW190909_114149
1/6 coincident flares:
	J120437.98+500024.0
******************************

******************************
Index 68
GW200208_222617
0/6 coincident flares:
******************************

******************************
Index 18
GW190620_030421
1/6 coincident flares:
	J120437.98+500024.0
******************************

******************************
Index 14
GW190521
1/6 coincident flares:
	J124942.30+344928.9
******************************

******************************
Index 59
GW191222_033537
0/6 coincident flares:
******************************

******************************
Index 15
GW190521_074359
0/6 coincident flares:
******************************

******************************
Index 3
GW190413_134308
0/6 coincident flares:
******************************

******************************
Index 5
GW190424_180648
2/6 coincident flares:
	J181719.94+541910.0
	J224333.95+760619.2
******************************

******************************
Index 52
GW191127_050227
0/6 coincident flares:
******************************

******************************
Index 37
GW190929_012149
0/6 coincident flares:
******************************

******************************
Index 20
GW190701_203306
0/6 coincident flares:
******************************

******************************
Index 13
GW190519_153544
0/6 coincident flares:
******************************

******************************
Index 60
GW191230_180458
0/6 coincident flares:
******************************

******************************
Index 4
GW190421_213856
0/6 coincident flares:
******************************

******************************
Index 8
GW190503_185404
0/6 coincident flares:
******************************

******************************
Index 11
GW190514_065416
2/6 coincident flares:
	J124942.30+344928.9
	J224333.95+760619.2
******************************

******************************
Index 43
GW190916_200658
0/6 coincident flares:
******************************

******************************
Index 64
GW200128_022011
0/6 coincident flares:
******************************

******************************
Index 17
GW190602_175927
0/6 coincident flares:
******************************

******************************
Index 28
GW190731_140936
0/6 coincident flares:
******************************

******************************
Index 49
GW191109_010717
0/6 coincident flares:
******************************

******************************
Index 34
GW190910_112807
0/6 coincident flares:
******************************

******************************
Index 42
GW190805_211137
0/6 coincident flares:
******************************

******************************
Index 73
GW200220_061928
0/6 coincident flares:
******************************

******************************
Index 71
GW200216_220804
0/6 coincident flares:
******************************

******************************
Index 75
GW200224_222234
0/6 coincident flares:
******************************

******************************
Index 40
GW190426_190642
0/6 coincident flares:
******************************

******************************
Index 46
GW190926_050336
0/6 coincident flares:
******************************

******************************
Index 7
GW190426_152155
0/6 coincident flares:
******************************

******************************
Index 39
GW190403_051519
1/6 coincident flares:
	J124942.30+344928.9
******************************

Traceback (most recent call last):
  File "/hildafs/projects/phy220048p/tcabrera/bbhagn/bbhagn/Posterior_inference_lambda_O3/Posterior_inference_lambda_O3.py", line 164, in <module>
    lnprob_args = inference.setup(config, nproc=config["nproc"])
                  ^^^^^^^^^^^^^^^^^^^^^^^^^^^^^^^^^^^^^^^^^^^^^^
  File "/hildafs/projects/phy220048p/tcabrera/bbhagn/bbhagn/utils/inference.py", line 592, in setup
    df_assoc = pd.DataFrame(
               ^^^^^^^^^^^^^
  File "/hildafs/projects/phy200025p/tcabrera/.conda/envs/bbhagn/lib/python3.11/site-packages/pandas/core/frame.py", line 859, in __init__
    mgr = arrays_to_mgr(
          ^^^^^^^^^^^^^^
  File "/hildafs/projects/phy200025p/tcabrera/.conda/envs/bbhagn/lib/python3.11/site-packages/pandas/core/internals/construction.py", line 119, in arrays_to_mgr
    arrays, refs = _homogenize(arrays, index, dtype)
                   ^^^^^^^^^^^^^^^^^^^^^^^^^^^^^^^^^
  File "/hildafs/projects/phy200025p/tcabrera/.conda/envs/bbhagn/lib/python3.11/site-packages/pandas/core/internals/construction.py", line 630, in _homogenize
    com.require_length_match(val, index)
  File "/hildafs/projects/phy200025p/tcabrera/.conda/envs/bbhagn/lib/python3.11/site-packages/pandas/core/common.py", line 573, in require_length_match
    raise ValueError(
ValueError: Length of values (32) does not match length of index (83)
